// Vitest Snapshot v1, https://vitest.dev/guide/snapshot.html

exports[`BtnTask > should render properly 1`] = `
"<button class=\\"undefined\\"><img class=\\"\\">
  <p class=\\"lg:block hidden\\"></p>
</button>"
`;
