// Vitest Snapshot v1, https://vitest.dev/guide/snapshot.html

exports[`ImgAvatar > should render properly 1`] = `"<!--v-if-->"`;
